###############################################################################
#
# IAR ELF Linker V8.50.1.245/W32 for ARM                  24/Feb/2021  16:34:00
# Copyright 2007-2020 IAR Systems AB.
#
#    Output file  =
#        E:\ArquivosProjetos\ARM\Projetos de Aulas e Outros\PROJETOS PRO
#        GITHUB\internal eeprom\Debug\Exe\internal eeprom.out
#    Map file     =
#        E:\ArquivosProjetos\ARM\Projetos de Aulas e Outros\PROJETOS PRO
#        GITHUB\internal eeprom\Debug\List\internal eeprom.map
#    Command line =
#        -f C:\Users\vinic\AppData\Local\Temp\EW490E.tmp
#        ("E:\ArquivosProjetos\ARM\Projetos de Aulas e
#        Outros\bibliotecas\driverlib\ewarm\Exe\driverlib.a"
#        "E:\ArquivosProjetos\ARM\Projetos de Aulas e Outros\PROJETOS PRO
#        GITHUB\internal eeprom\Debug\Obj\functions.o"
#        "E:\ArquivosProjetos\ARM\Projetos de Aulas e Outros\PROJETOS PRO
#        GITHUB\internal eeprom\Debug\Obj\internal eeprom.o"
#        "E:\ArquivosProjetos\ARM\Projetos de Aulas e Outros\PROJETOS PRO
#        GITHUB\internal eeprom\Debug\Obj\uartstdio.o" --no_out_extension -o
#        "E:\ArquivosProjetos\ARM\Projetos de Aulas e Outros\PROJETOS PRO
#        GITHUB\internal eeprom\Debug\Exe\internal eeprom.out" --map
#        "E:\ArquivosProjetos\ARM\Projetos de Aulas e Outros\PROJETOS PRO
#        GITHUB\internal eeprom\Debug\List\internal eeprom.map" --config
#        "C:\Program Files (x86)\IAR Systems\Embedded Workbench
#        8.4\arm\config\linker\TexasInstruments\TM4C123GH6.icf" --semihosting
#        --entry __iar_program_start --vfe --text_out locale)
#
###############################################################################

*******************************************************************************
*** MESSAGES
***

Warning[Lt009]: Inconsistent wchar_t size
            eeprom.o(driverlib.a) and 5 other objects in driverlib.a have
                      wchar_t size 16 bits
            functions.o and 16 other objects, some of them in rt7M_tl.a and 5
                      other libraries have wchar_t size 32 bits


*******************************************************************************
*** RUNTIME MODEL ATTRIBUTES
***

CppFlavor       = *
__SystemLibrary = DLib
__dlib_version  = 6


*******************************************************************************
*** HEAP SELECTION
***

The basic heap was selected because some modules are built with
size limitations (and not runtime checking), and --advanced_heap
was not specified.


*******************************************************************************
*** PLACEMENT SUMMARY
***

"A0":  place at address 0x0 { ro section .intvec };
"P1":  place in [from 0x0 to 0x3'ffff] { ro };
define block CSTACK with size = 4K, alignment = 8 { };
define block HEAP with size = 8K, alignment = 8 { };
"P2":  place in [from 0x2000'0000 to 0x2000'7fff] {
          rw, block CSTACK, block HEAP };

  Section          Kind         Address    Size  Object
  -------          ----         -------    ----  ------
"A0":                                      0x40
  .intvec          ro code          0x0    0x40  vector_table_M.o [5]
                                 - 0x40    0x40

"P1":                                    0x16a0
  .text            ro code         0x40   0x5e8  internal eeprom.o [1]
  .text            ro code        0x628     0x6  ABImemclr4.o [5]
  .text            ro code        0x62e    0x3a  zero_init3.o [5]
  .text            ro code        0x668   0x252  uartstdio.o [1]
  .text            ro code        0x8ba     0x2  vector_table_M.o [5]
  .text            ro code        0x8bc   0x13c  functions.o [1]
  .text            ro code        0x9f8   0x1b4  eeprom.o [3]
  .text            ro code        0xbac    0x9c  uart.o [3]
  .text            ro code        0xc48    0x14  memset.o [5]
  .text            ro code        0xc5c    0x32  ABImemset48.o [5]
  .text            ro code        0xc90   0x238  sysctl.o [3]
  .text            ro code        0xec8   0x214  gpio.o [3]
  .text            ro code       0x10dc    0x66  ABImemset.o [5]
  .rodata          const         0x1144    0x64  internal eeprom.o [1]
  .rodata          const         0x11a8    0x64  internal eeprom.o [1]
  .rodata          const         0x120c    0x50  internal eeprom.o [1]
  .rodata          const         0x125c    0x4c  internal eeprom.o [1]
  .rodata          const         0x12a8    0x40  internal eeprom.o [1]
  .rodata          const         0x12e8    0x3c  internal eeprom.o [1]
  .rodata          const         0x1324    0x38  internal eeprom.o [1]
  .rodata          const         0x135c    0x38  internal eeprom.o [1]
  .rodata          const         0x1394    0x34  internal eeprom.o [1]
  .rodata          const         0x13c8    0x2c  internal eeprom.o [1]
  .rodata          const         0x13f4    0x2c  internal eeprom.o [1]
  .rodata          const         0x1420    0x2c  internal eeprom.o [1]
  .text            ro code       0x144c    0x28  data_init.o [5]
  .text            ro code       0x1474    0x22  fpinit_M.o [4]
  .iar.init_table  const         0x1498    0x10  - Linker created -
  .rodata          const         0x14a8    0x20  internal eeprom.o [1]
  .rodata          const         0x14c8    0x20  internal eeprom.o [1]
  .text            ro code       0x14e8    0x1e  cmain.o [5]
  .text            ro code       0x1506     0x4  low_level_init.o [2]
  .text            ro code       0x150a     0x4  exit.o [2]
  .text            ro code       0x1510     0xa  cexit.o [5]
  .text            ro code       0x151c    0x14  exit.o [6]
  .rodata          const         0x1530    0x1c  internal eeprom.o [1]
  .rodata          const         0x154c    0x1c  internal eeprom.o [1]
  .rodata          const         0x1568    0x1c  internal eeprom.o [1]
  .rodata          const         0x1584    0x14  internal eeprom.o [1]
  .rodata          const         0x1598    0x14  internal eeprom.o [1]
  .rodata          const         0x15ac    0x14  internal eeprom.o [1]
  .rodata          const         0x15c0    0x14  uartstdio.o [1]
  .rodata          const         0x15d4    0x10  functions.o [1]
  .rodata          const         0x15e4    0x10  internal eeprom.o [1]
  .rodata          const         0x15f4    0x10  internal eeprom.o [1]
  .rodata          const         0x1604    0x10  internal eeprom.o [1]
  .rodata          const         0x1614    0x10  internal eeprom.o [1]
  .rodata          const         0x1624    0x10  internal eeprom.o [1]
  .rodata          const         0x1634    0x10  internal eeprom.o [1]
  .rodata          const         0x1644     0xc  internal eeprom.o [1]
  .rodata          const         0x1650     0xc  internal eeprom.o [1]
  .rodata          const         0x165c     0xc  internal eeprom.o [1]
  .rodata          const         0x1668     0xc  internal eeprom.o [1]
  .rodata          const         0x1674     0xc  internal eeprom.o [1]
  .rodata          const         0x1680     0xc  internal eeprom.o [1]
  .rodata          const         0x168c     0xc  internal eeprom.o [1]
  .rodata          const         0x1698     0xc  uartstdio.o [1]
  .rodata          const         0x16a4     0xc  uartstdio.o [1]
  .text            ro code       0x16b0     0xc  cstartup_M.o [5]
  .rodata          const         0x16bc     0x8  functions.o [1]
  .rodata          const         0x16c4     0x8  internal eeprom.o [1]
  .rodata          const         0x16cc     0x8  internal eeprom.o [1]
  .rodata          const         0x16d4     0x8  uartstdio.o [1]
  .rodata          const         0x16dc     0x4  uartstdio.o [1]
  .rodata          const         0x16e0     0x0  zero_init3.o [5]
                               - 0x16e0  0x16a0

"P2", part 1 of 2:                         0x10
  .bss             zero     0x2000'0000     0x4  internal eeprom.o [1]
  .bss             zero     0x2000'0004     0x4  internal eeprom.o [1]
  .bss             zero     0x2000'0008     0x4  internal eeprom.o [1]
  .bss             zero     0x2000'000c     0x4  uartstdio.o [1]
                          - 0x2000'0010    0x10

"P2", part 2 of 2:                       0x1000
  CSTACK                    0x2000'0010  0x1000  <Block>
    CSTACK         uninit   0x2000'0010  0x1000  <Block tail>
                          - 0x2000'1010  0x1000

Unused ranges:

         From           To      Size
         ----           --      ----
       0x16e0     0x3'ffff  0x3'e920
  0x2000'1010  0x2000'7fff    0x6ff0


*******************************************************************************
*** INIT TABLE
***

          Address      Size
          -------      ----
Zero (__iar_zero_init3)
    1 destination range, total size 0x10:
          0x2000'0000  0x10



*******************************************************************************
*** MODULE SUMMARY
***

    Module             ro code  ro data  rw data
    ------             -------  -------  -------
command line/config:
    --------------------------------------------
    Total:

E:\ArquivosProjetos\ARM\Projetos de Aulas e Outros\PROJETOS PRO GITHUB\internal eeprom\Debug\Obj: [1]
    functions.o            316       24
    internal eeprom.o    1'512    1'180       12
    uartstdio.o            594       56        4
    --------------------------------------------
    Total:               2'422    1'260       16

dl7M_tln.a: [2]
    exit.o                   4
    low_level_init.o         4
    --------------------------------------------
    Total:                   8

driverlib.a: [3]
    eeprom.o               436
    gpio.o                 532
    sysctl.o               568
    uart.o                 156
    --------------------------------------------
    Total:               1'692

m7M_tls.a: [4]
    fpinit_M.o              34
    --------------------------------------------
    Total:                  34

rt7M_tl.a: [5]
    ABImemclr4.o             6
    ABImemset.o            102
    ABImemset48.o           50
    cexit.o                 10
    cmain.o                 30
    cstartup_M.o            12
    data_init.o             40
    memset.o                20
    vector_table_M.o        66
    zero_init3.o            58
    --------------------------------------------
    Total:                 394

shb_l.a: [6]
    exit.o                  20
    --------------------------------------------
    Total:                  20

    Gaps                     6        4
    Linker created                   16    4'096
------------------------------------------------
    Grand Total:         4'576    1'280    4'112


*******************************************************************************
*** ENTRY LIST
***

Entry                       Address   Size  Type      Object
-----                       -------   ----  ----      ------
.iar.init_table$$Base        0x1498          --   Gb  - Linker created -
.iar.init_table$$Limit       0x14a8          --   Gb  - Linker created -
?main                        0x14e9         Code  Gb  cmain.o [5]
Biggest                 0x2000'0004    0x4  Data  Gb  internal eeprom.o [1]
CSTACK$$Base            0x2000'0010          --   Gb  - Linker created -
CSTACK$$Limit           0x2000'1010          --   Gb  - Linker created -
ConfigEEPROM0                 0x90f   0x58  Code  Gb  functions.o [1]
ConfigUART0                   0x8bd   0x52  Code  Gb  functions.o [1]
DeleteEEPROM                  0x3a1   0xca  Code  Gb  internal eeprom.o [1]
EEPROMInit                    0xa51   0x2a  Code  Gb  eeprom.o [3]
EEPROMMassErase               0xb4b   0x3c  Code  Gb  eeprom.o [3]
EEPROMProgram                 0xab3   0x98  Code  Gb  eeprom.o [3]
EEPROMRead                    0xa89   0x2a  Code  Gb  eeprom.o [3]
FullyEraseEEPROM              0x46b   0x78  Code  Gb  internal eeprom.o [1]
GPIODirModeSet                0xec9   0x28  Code  Gb  gpio.o [3]
GPIOPadConfigSet              0xef1   0xfe  Code  Gb  gpio.o [3]
GPIOPinConfigure             0x100f   0x38  Code  Gb  gpio.o [3]
GPIOPinTypeUART               0xffb   0x14  Code  Gb  gpio.o [3]
Lowest                  0x2000'0008    0x4  Data  Gb  internal eeprom.o [1]
ReadEEPROM                     0x41  0x102  Code  Gb  internal eeprom.o [1]
Region$$Table$$Base          0x1498          --   Gb  - Linker created -
Region$$Table$$Limit         0x14a8          --   Gb  - Linker created -
Start                         0x4e3   0x8a  Code  Gb  internal eeprom.o [1]
Sum                     0x2000'0000    0x4  Data  Gb  internal eeprom.o [1]
SysCtlClockGet                0xd19  0x110  Code  Gb  sysctl.o [3]
SysCtlDelay                   0xd11    0x8  Code  Gb  sysctl.o [3]
SysCtlPeripheralEnable        0xcf3    0x8  Code  Gb  sysctl.o [3]
SysCtlPeripheralPresent
                              0xc91    0xa  Code  Gb  sysctl.o [3]
SysCtlPeripheralReset         0xcb3   0x40  Code  Gb  sysctl.o [3]
UARTCharGet                   0xc35    0xa  Code  Gb  uart.o [3]
UARTCharPut                   0xc3f    0xa  Code  Gb  uart.o [3]
UARTConfigSetExpClk           0xbad   0x4c  Code  Gb  uart.o [3]
UARTDecGet                    0x967   0x6c  Code  Gb  functions.o [1]
UARTDisable                   0xc13   0x1e  Code  Gb  uart.o [3]
UARTEnable                    0xbf9   0x1a  Code  Gb  uart.o [3]
UARTStdioConfig               0x669   0x48  Code  Gb  uartstdio.o [1]
UARTprintf                    0x8ad    0xe  Code  Gb  uartstdio.o [1]
UARTvprintf                   0x6df  0x1b6  Code  Gb  uartstdio.o [1]
UARTwrite                     0x6b1   0x2e  Code  Gb  uartstdio.o [1]
ValuesEEPROM                  0x2ad   0xf4  Code  Gb  internal eeprom.o [1]
WriteEEPROM                   0x143  0x164  Code  Gb  internal eeprom.o [1]
_EEPROMSectorMaskClear        0xa23   0x22  Code  Lc  eeprom.o [3]
_EEPROMSectorMaskSet          0x9f9   0x2a  Code  Lc  eeprom.o [3]
__aeabi_memclr4               0x629         Code  Gb  ABImemclr4.o [5]
__aeabi_memset               0x10dd         Code  Gb  ABImemset.o [5]
__cmain                      0x14e9         Code  Gb  cmain.o [5]
__exit                       0x151d   0x14  Code  Gb  exit.o [6]
__iar_Memset                 0x10dd         Code  Gb  ABImemset.o [5]
__iar_Memset4_word            0xc5d         Code  Gb  ABImemset48.o [5]
__iar_Memset8_word            0xc5d         Code  Gb  ABImemset48.o [5]
__iar_Memset_word            0x10e5         Code  Gb  ABImemset.o [5]
__iar_data_init3             0x144d   0x28  Code  Gb  data_init.o [5]
__iar_init_vfp               0x1475         Code  Gb  fpinit_M.o [4]
__iar_program_start          0x16b1         Code  Gb  cstartup_M.o [5]
__iar_zero_init3              0x62f   0x3a  Code  Gb  zero_init3.o [5]
__low_level_init             0x1507    0x4  Code  Gb  low_level_init.o [2]
__vector_table                  0x0         Data  Gb  vector_table_M.o [5]
_call_main                   0x14f5         Code  Gb  cmain.o [5]
_exit                        0x1511         Code  Gb  cexit.o [5]
_main                        0x1503         Code  Gb  cmain.o [5]
exit                         0x150b    0x4  Code  Gb  exit.o [2]
g_pcHex                      0x16dc    0x4  Data  Lc  uartstdio.o [1]
g_pui32GPIOBaseAddrs         0x104c   0x90  Data  Lc  gpio.o [3]
g_pui32Xtals                  0xe5c   0x6c  Data  Lc  sysctl.o [3]
g_ui32Base              0x2000'000c    0x4  Data  Lc  uartstdio.o [1]
g_ui32UARTBase               0x1698    0xc  Data  Lc  uartstdio.o [1]
g_ui32UARTPeriph             0x16a4    0xc  Data  Lc  uartstdio.o [1]
main                          0x56d   0x16  Code  Gb  internal eeprom.o [1]
memset                        0xc49   0x14  Code  Gb  memset.o [5]


[1] = E:\ArquivosProjetos\ARM\Projetos de Aulas e Outros\PROJETOS PRO GITHUB\internal eeprom\Debug\Obj
[2] = dl7M_tln.a
[3] = driverlib.a
[4] = m7M_tls.a
[5] = rt7M_tl.a
[6] = shb_l.a

  4'576 bytes of readonly  code memory
  1'280 bytes of readonly  data memory
  4'112 bytes of readwrite data memory

Errors: none
Warnings: 1
