###############################################################################
#
# IAR ELF Linker V8.50.1.245/W32 for ARM                  24/Feb/2021  15:53:34
# Copyright 2007-2020 IAR Systems AB.
#
#    Output file  =
#        E:\ArquivosProjetos\ARM\Projetos de Aulas e Outros\PROJETOS PRO
#        GITHUB\lm35 analogic temp sensor\Debug\Exe\lm35 adc0.out
#    Map file     =
#        E:\ArquivosProjetos\ARM\Projetos de Aulas e Outros\PROJETOS PRO
#        GITHUB\lm35 analogic temp sensor\Debug\List\lm35 adc0.map
#    Command line =
#        -f C:\Users\vinic\AppData\Local\Temp\EW445A.tmp
#        ("E:\ArquivosProjetos\ARM\Projetos de Aulas e
#        Outros\bibliotecas\driverlib\ewarm\Exe\driverlib.a"
#        "E:\ArquivosProjetos\ARM\Projetos de Aulas e Outros\PROJETOS PRO
#        GITHUB\lm35 analogic temp sensor\Debug\Obj\functions.o"
#        "E:\ArquivosProjetos\ARM\Projetos de Aulas e Outros\PROJETOS PRO
#        GITHUB\lm35 analogic temp sensor\Debug\Obj\lm35 adc0.o"
#        "E:\ArquivosProjetos\ARM\Projetos de Aulas e Outros\PROJETOS PRO
#        GITHUB\lm35 analogic temp sensor\Debug\Obj\uartstdio.o"
#        --no_out_extension -o "E:\ArquivosProjetos\ARM\Projetos de Aulas e
#        Outros\PROJETOS PRO GITHUB\lm35 analogic temp sensor\Debug\Exe\lm35
#        adc0.out" --map "E:\ArquivosProjetos\ARM\Projetos de Aulas e
#        Outros\PROJETOS PRO GITHUB\lm35 analogic temp sensor\Debug\List\lm35
#        adc0.map" --config "C:\Program Files (x86)\IAR Systems\Embedded
#        Workbench 8.4\arm\config\linker\TexasInstruments\TM4C123GH6.icf"
#        --semihosting --entry __iar_program_start --vfe --text_out locale)
#
###############################################################################

*******************************************************************************
*** MESSAGES
***

Warning[Lt009]: Inconsistent wchar_t size
            adc.o(driverlib.a) and 5 other objects in driverlib.a have wchar_t
                      size 16 bits
            functions.o and 16 other objects, some of them in rt7M_tl.a and 5
                      other libraries have wchar_t size 32 bits


*******************************************************************************
*** RUNTIME MODEL ATTRIBUTES
***

CppFlavor       = *
__SystemLibrary = DLib
__dlib_version  = 6


*******************************************************************************
*** HEAP SELECTION
***

The basic heap was selected because some modules are built with
size limitations (and not runtime checking), and --advanced_heap
was not specified.


*******************************************************************************
*** PLACEMENT SUMMARY
***

"A0":  place at address 0x0 { ro section .intvec };
"P1":  place in [from 0x0 to 0x3'ffff] { ro };
define block CSTACK with size = 4K, alignment = 8 { };
define block HEAP with size = 8K, alignment = 8 { };
"P2":  place in [from 0x2000'0000 to 0x2000'7fff] {
          rw, block CSTACK, block HEAP };

  Section          Kind         Address    Size  Object
  -------          ----         -------    ----  ------
"A0":                                      0x40
  .intvec          ro code          0x0    0x40  vector_table_M.o [5]
                                 - 0x40    0x40

"P1":                                     0xbf8
  .text            ro code         0x40   0x252  uartstdio.o [1]
  .text            ro code        0x292    0x3a  zero_init3.o [5]
  .text            ro code        0x2cc   0x1f4  sysctl.o [3]
  .text            ro code        0x4c0    0x92  uart.o [3]
  .text            ro code        0x552     0x2  vector_table_M.o [5]
  .text            ro code        0x554   0x230  gpio.o [3]
  .text            ro code        0x784   0x16e  adc.o [3]
  .text            ro code        0x8f4    0xea  functions.o [1]
  .text            ro code        0x9e0    0xb0  lm35 adc0.o [1]
  .text            ro code        0xa90    0x14  memset.o [5]
  .text            ro code        0xaa4    0x66  ABImemset.o [5]
  .text            ro code        0xb0c    0x28  data_init.o [5]
  .text            ro code        0xb34    0x22  fpinit_M.o [4]
  .iar.init_table  const          0xb58    0x10  - Linker created -
  .text            ro code        0xb68    0x1e  cmain.o [5]
  .text            ro code        0xb86     0x4  low_level_init.o [2]
  .text            ro code        0xb8a     0x4  exit.o [2]
  .text            ro code        0xb90     0xa  cexit.o [5]
  .text            ro code        0xb9c    0x14  exit.o [6]
  .rodata          const          0xbb0    0x1c  lm35 adc0.o [1]
  .rodata          const          0xbcc    0x1c  lm35 adc0.o [1]
  .rodata          const          0xbe8    0x14  uartstdio.o [1]
  .rodata          const          0xbfc     0xc  lm35 adc0.o [1]
  .rodata          const          0xc08     0xc  uartstdio.o [1]
  .rodata          const          0xc14     0xc  uartstdio.o [1]
  .text            ro code        0xc20     0xc  cstartup_M.o [5]
  .rodata          const          0xc2c     0x8  uartstdio.o [1]
  .rodata          const          0xc34     0x4  uartstdio.o [1]
  .rodata          const          0xc38     0x0  zero_init3.o [5]
                                - 0xc38   0xbf8

"P2", part 1 of 2:                          0x4
  .bss             zero     0x2000'0000     0x4  uartstdio.o [1]
                          - 0x2000'0004     0x4

"P2", part 2 of 2:                       0x1000
  CSTACK                    0x2000'0008  0x1000  <Block>
    CSTACK         uninit   0x2000'0008  0x1000  <Block tail>
                          - 0x2000'1008  0x1000

Unused ranges:

         From           To      Size
         ----           --      ----
        0xc38     0x3'ffff  0x3'f3c8
  0x2000'0004  0x2000'0007       0x4
  0x2000'1008  0x2000'7fff    0x6ff8


*******************************************************************************
*** INIT TABLE
***

          Address      Size
          -------      ----
Zero (__iar_zero_init3)
    1 destination range, total size 0x4:
          0x2000'0000   0x4



*******************************************************************************
*** MODULE SUMMARY
***

    Module            ro code  ro data  rw data
    ------            -------  -------  -------
command line/config:
    -------------------------------------------
    Total:

E:\ArquivosProjetos\ARM\Projetos de Aulas e Outros\PROJETOS PRO GITHUB\lm35 analogic temp sensor\Debug\Obj: [1]
    functions.o           234
    lm35 adc0.o           176       68
    uartstdio.o           594       56        4
    -------------------------------------------
    Total:              1'004      124        4

dl7M_tln.a: [2]
    exit.o                  4
    low_level_init.o        4
    -------------------------------------------
    Total:                  8

driverlib.a: [3]
    adc.o                 366
    gpio.o                560
    sysctl.o              500
    uart.o                146
    -------------------------------------------
    Total:              1'572

m7M_tls.a: [4]
    fpinit_M.o             34
    -------------------------------------------
    Total:                 34

rt7M_tl.a: [5]
    ABImemset.o           102
    cexit.o                10
    cmain.o                30
    cstartup_M.o           12
    data_init.o            40
    memset.o               20
    vector_table_M.o       66
    zero_init3.o           58
    -------------------------------------------
    Total:                338

shb_l.a: [6]
    exit.o                 20
    -------------------------------------------
    Total:                 20

    Gaps                   10        2
    Linker created                  16    4'096
-----------------------------------------------
    Grand Total:        2'986      142    4'100


*******************************************************************************
*** ENTRY LIST
***

Entry                       Address   Size  Type      Object
-----                       -------   ----  ----      ------
.iar.init_table$$Base         0xb58          --   Gb  - Linker created -
.iar.init_table$$Limit        0xb68          --   Gb  - Linker created -
?main                         0xb69         Code  Gb  cmain.o [5]
ADCHardwareOversampleConfigure
                              0x8db    0xe  Code  Gb  adc.o [3]
ADCIntClear                   0x7af    0xa  Code  Gb  adc.o [3]
ADCIntStatus                  0x785   0x2a  Code  Gb  adc.o [3]
ADCProcessorTrigger           0x8bf   0x1c  Code  Gb  adc.o [3]
ADCSequenceConfigure          0x7c3   0x52  Code  Gb  adc.o [3]
ADCSequenceDataGet            0x8a1   0x1e  Code  Gb  adc.o [3]
ADCSequenceEnable             0x7b9    0xa  Code  Gb  adc.o [3]
ADCSequenceStepConfigure
                              0x815   0x76  Code  Gb  adc.o [3]
CSTACK$$Base            0x2000'0008          --   Gb  - Linker created -
CSTACK$$Limit           0x2000'1008          --   Gb  - Linker created -
ConfigADC1                    0x947   0x5e  Code  Gb  functions.o [1]
ConfigUART0                   0x8f5   0x52  Code  Gb  functions.o [1]
GPIODirModeSet                0x555   0x28  Code  Gb  gpio.o [3]
GPIOPadConfigSet              0x57d   0xfe  Code  Gb  gpio.o [3]
GPIOPinConfigure              0x6b5   0x38  Code  Gb  gpio.o [3]
GPIOPinTypeADC                0x67b    0x4  Code  Gb  gpio.o [3]
GPIOPinTypeUART               0x6a1   0x14  Code  Gb  gpio.o [3]
Region$$Table$$Base           0xb58          --   Gb  - Linker created -
Region$$Table$$Limit          0xb68          --   Gb  - Linker created -
Sum                           0x9c1   0x1e  Code  Gb  functions.o [1]
SysCtlClockGet                0x315  0x110  Code  Gb  sysctl.o [3]
SysCtlDelay                   0x30d    0x8  Code  Gb  sysctl.o [3]
SysCtlPeripheralEnable        0x2ef    0x8  Code  Gb  sysctl.o [3]
SysCtlPeripheralPresent
                              0x2cd    0xa  Code  Gb  sysctl.o [3]
UARTCharPut                   0x549    0xa  Code  Gb  uart.o [3]
UARTConfigSetExpClk           0x4c1   0x4c  Code  Gb  uart.o [3]
UARTDisable                   0x527   0x1e  Code  Gb  uart.o [3]
UARTEnable                    0x50d   0x1a  Code  Gb  uart.o [3]
UARTStdioConfig                0x41   0x48  Code  Gb  uartstdio.o [1]
UARTprintf                    0x285    0xe  Code  Gb  uartstdio.o [1]
UARTvprintf                    0xb7  0x1b6  Code  Gb  uartstdio.o [1]
UARTwrite                      0x89   0x2e  Code  Gb  uartstdio.o [1]
__aeabi_memset                0xaa5         Code  Gb  ABImemset.o [5]
__cmain                       0xb69         Code  Gb  cmain.o [5]
__exit                        0xb9d   0x14  Code  Gb  exit.o [6]
__iar_Memset                  0xaa5         Code  Gb  ABImemset.o [5]
__iar_Memset_word             0xaad         Code  Gb  ABImemset.o [5]
__iar_data_init3              0xb0d   0x28  Code  Gb  data_init.o [5]
__iar_init_vfp                0xb35         Code  Gb  fpinit_M.o [4]
__iar_program_start           0xc21         Code  Gb  cstartup_M.o [5]
__iar_zero_init3              0x293   0x3a  Code  Gb  zero_init3.o [5]
__low_level_init              0xb87    0x4  Code  Gb  low_level_init.o [2]
__vector_table                  0x0         Data  Gb  vector_table_M.o [5]
_call_main                    0xb75         Code  Gb  cmain.o [5]
_exit                         0xb91         Code  Gb  cexit.o [5]
_main                         0xb83         Code  Gb  cmain.o [5]
exit                          0xb8b    0x4  Code  Gb  exit.o [2]
g_pcHex                       0xc34    0x4  Data  Lc  uartstdio.o [1]
g_pui32GPIOBaseAddrs          0x6f4   0x90  Data  Lc  gpio.o [3]
g_pui32Xtals                  0x454   0x6c  Data  Lc  sysctl.o [3]
g_ui32Base              0x2000'0000    0x4  Data  Lc  uartstdio.o [1]
g_ui32UARTBase                0xc08    0xc  Data  Lc  uartstdio.o [1]
g_ui32UARTPeriph              0xc14    0xc  Data  Lc  uartstdio.o [1]
main                          0x9e1   0xb0  Code  Gb  lm35 adc0.o [1]
memset                        0xa91   0x14  Code  Gb  memset.o [5]


[1] = E:\ArquivosProjetos\ARM\Projetos de Aulas e Outros\PROJETOS PRO GITHUB\lm35 analogic temp sensor\Debug\Obj
[2] = dl7M_tln.a
[3] = driverlib.a
[4] = m7M_tls.a
[5] = rt7M_tl.a
[6] = shb_l.a

  2'986 bytes of readonly  code memory
    142 bytes of readonly  data memory
  4'100 bytes of readwrite data memory

Errors: none
Warnings: 1
