###############################################################################
#
# IAR ELF Linker V8.50.1.245/W32 for ARM                  24/Feb/2021  15:41:18
# Copyright 2007-2020 IAR Systems AB.
#
#    Output file  =
#        E:\ArquivosProjetos\ARM\Projetos de Aulas e Outros\PROJETOS PRO
#        GITHUB\temp+rh - external eeprom - rtc\Debug\Exe\temp rh eeprom
#        rtc.out
#    Map file     =
#        E:\ArquivosProjetos\ARM\Projetos de Aulas e Outros\PROJETOS PRO
#        GITHUB\temp+rh - external eeprom - rtc\Debug\List\temp rh eeprom
#        rtc.map
#    Command line =
#        -f C:\Users\vinic\AppData\Local\Temp\EWA4D.tmp
#        ("E:\ArquivosProjetos\ARM\Projetos de Aulas e
#        Outros\bibliotecas\driverlib\ewarm\Exe\driverlib.a"
#        "E:\ArquivosProjetos\ARM\Projetos de Aulas e Outros\PROJETOS PRO
#        GITHUB\temp+rh - external eeprom - rtc\Debug\Obj\functions.o"
#        "E:\ArquivosProjetos\ARM\Projetos de Aulas e Outros\PROJETOS PRO
#        GITHUB\temp+rh - external eeprom - rtc\Debug\Obj\temp rh eeprom rtc.o"
#        "E:\ArquivosProjetos\ARM\Projetos de Aulas e Outros\PROJETOS PRO
#        GITHUB\temp+rh - external eeprom - rtc\Debug\Obj\uartstdio.o"
#        --no_out_extension -o "E:\ArquivosProjetos\ARM\Projetos de Aulas e
#        Outros\PROJETOS PRO GITHUB\temp+rh - external eeprom -
#        rtc\Debug\Exe\temp rh eeprom rtc.out" --map
#        "E:\ArquivosProjetos\ARM\Projetos de Aulas e Outros\PROJETOS PRO
#        GITHUB\temp+rh - external eeprom - rtc\Debug\List\temp rh eeprom
#        rtc.map" --config "C:\Program Files (x86)\IAR Systems\Embedded
#        Workbench 8.4\arm\config\linker\TexasInstruments\TM4C123GH6.icf"
#        --semihosting --entry __iar_program_start --vfe --text_out locale)
#
###############################################################################

*******************************************************************************
*** MESSAGES
***

Warning[Lt009]: Inconsistent wchar_t size
            gpio.o(driverlib.a) and 5 other objects in driverlib.a have wchar_t
                      size 16 bits
            functions.o and 15 other objects, some of them in dl7M_tln.a and 11
                      other libraries have wchar_t size 32 bits


*******************************************************************************
*** RUNTIME MODEL ATTRIBUTES
***

CppFlavor       = *
__SystemLibrary = DLib
__dlib_version  = 6


*******************************************************************************
*** HEAP SELECTION
***

The basic heap was selected because some modules are built with
size limitations (and not runtime checking), and --advanced_heap
was not specified.


*******************************************************************************
*** PLACEMENT SUMMARY
***

"A0":  place at address 0x0 { ro section .intvec };
"P1":  place in [from 0x0 to 0x3'ffff] { ro };
define block CSTACK with size = 4K, alignment = 8 { };
define block HEAP with size = 8K, alignment = 8 { };
"P2":  place in [from 0x2000'0000 to 0x2000'7fff] {
          rw, block CSTACK, block HEAP };

  Section          Kind         Address    Size  Object
  -------          ----         -------    ----  ------
"A0":                                      0x40
  .intvec          ro code          0x0    0x40  vector_table_M.o [5]
                                 - 0x40    0x40

"P1":                                    0x1bcc
  .text            ro code         0x40   0xa9c  temp rh eeprom rtc.o [1]
  .text            ro code        0xadc   0x418  functions.o [1]
  .text            ro code        0xef4   0x252  uartstdio.o [1]
  .text            ro code       0x1146    0x3a  zero_init3.o [5]
  .text            ro code       0x1180    0xac  uart.o [3]
  .text            ro code       0x122c   0x1ec  sysctl.o [3]
  .text            ro code       0x1418   0x274  gpio.o [3]
  .text            ro code       0x168c    0x80  i2c.o [3]
  .rodata          const         0x170c    0x54  temp rh eeprom rtc.o [1]
  .rodata          const         0x1760    0x54  temp rh eeprom rtc.o [1]
  .rodata          const         0x17b4    0x50  temp rh eeprom rtc.o [1]
  .rodata          const         0x1804    0x50  temp rh eeprom rtc.o [1]
  .rodata          const         0x1854    0x38  temp rh eeprom rtc.o [1]
  .rodata          const         0x188c    0x38  temp rh eeprom rtc.o [1]
  .text            ro code       0x18c4    0x28  data_init.o [5]
  .rodata          const         0x18ec    0x24  temp rh eeprom rtc.o [1]
  .rodata          const         0x1910    0x24  temp rh eeprom rtc.o [1]
  .text            ro code       0x1934    0x22  fpinit_M.o [4]
  .iar.init_table  const         0x1958    0x10  - Linker created -
  .text            ro code       0x1968     0x2  vector_table_M.o [5]
  .rodata          const         0x196c    0x20  temp rh eeprom rtc.o [1]
  .rodata          const         0x198c    0x20  temp rh eeprom rtc.o [1]
  .rodata          const         0x19ac    0x20  temp rh eeprom rtc.o [1]
  .rodata          const         0x19cc    0x20  temp rh eeprom rtc.o [1]
  .text            ro code       0x19ec    0x1e  cmain.o [5]
  .text            ro code       0x1a0a     0x4  low_level_init.o [2]
  .text            ro code       0x1a0e     0x4  exit.o [2]
  .text            ro code       0x1a14     0xa  cexit.o [5]
  .text            ro code       0x1a20    0x14  exit.o [6]
  .rodata          const         0x1a34    0x1c  temp rh eeprom rtc.o [1]
  .rodata          const         0x1a50    0x1c  temp rh eeprom rtc.o [1]
  .rodata          const         0x1a6c    0x1c  temp rh eeprom rtc.o [1]
  .rodata          const         0x1a88    0x18  temp rh eeprom rtc.o [1]
  .rodata          const         0x1aa0    0x14  temp rh eeprom rtc.o [1]
  .rodata          const         0x1ab4    0x14  temp rh eeprom rtc.o [1]
  .rodata          const         0x1ac8    0x14  temp rh eeprom rtc.o [1]
  .rodata          const         0x1adc    0x14  temp rh eeprom rtc.o [1]
  .rodata          const         0x1af0    0x14  temp rh eeprom rtc.o [1]
  .rodata          const         0x1b04    0x14  uartstdio.o [1]
  .rodata          const         0x1b18    0x10  temp rh eeprom rtc.o [1]
  .rodata          const         0x1b28    0x10  temp rh eeprom rtc.o [1]
  .rodata          const         0x1b38    0x10  temp rh eeprom rtc.o [1]
  .rodata          const         0x1b48    0x10  temp rh eeprom rtc.o [1]
  .rodata          const         0x1b58    0x10  temp rh eeprom rtc.o [1]
  .rodata          const         0x1b68    0x10  temp rh eeprom rtc.o [1]
  .rodata          const         0x1b78    0x10  temp rh eeprom rtc.o [1]
  .rodata          const         0x1b88    0x10  temp rh eeprom rtc.o [1]
  .rodata          const         0x1b98     0xc  temp rh eeprom rtc.o [1]
  .rodata          const         0x1ba4     0xc  temp rh eeprom rtc.o [1]
  .rodata          const         0x1bb0     0xc  temp rh eeprom rtc.o [1]
  .rodata          const         0x1bbc     0xc  temp rh eeprom rtc.o [1]
  .rodata          const         0x1bc8     0xc  temp rh eeprom rtc.o [1]
  .rodata          const         0x1bd4     0xc  uartstdio.o [1]
  .rodata          const         0x1be0     0xc  uartstdio.o [1]
  .text            ro code       0x1bec     0xc  cstartup_M.o [5]
  .rodata          const         0x1bf8     0x8  temp rh eeprom rtc.o [1]
  .rodata          const         0x1c00     0x8  uartstdio.o [1]
  .rodata          const         0x1c08     0x4  uartstdio.o [1]
  .rodata          const         0x1c0c     0x0  zero_init3.o [5]
                               - 0x1c0c  0x1bcc

"P2", part 1 of 2:                          0x4
  .bss             zero     0x2000'0000     0x4  uartstdio.o [1]
                          - 0x2000'0004     0x4

"P2", part 2 of 2:                       0x1000
  CSTACK                    0x2000'0008  0x1000  <Block>
    CSTACK         uninit   0x2000'0008  0x1000  <Block tail>
                          - 0x2000'1008  0x1000

Unused ranges:

         From           To      Size
         ----           --      ----
       0x1c0c     0x3'ffff  0x3'e3f4
  0x2000'0004  0x2000'0007       0x4
  0x2000'1008  0x2000'7fff    0x6ff8


*******************************************************************************
*** INIT TABLE
***

          Address      Size
          -------      ----
Zero (__iar_zero_init3)
    1 destination range, total size 0x4:
          0x2000'0000   0x4



*******************************************************************************
*** MODULE SUMMARY
***

    Module                ro code  ro data  rw data
    ------                -------  -------  -------
command line/config:
    -----------------------------------------------
    Total:

E:\ArquivosProjetos\ARM\Projetos de Aulas e Outros\PROJETOS PRO GITHUB\temp+rh - external eeprom - rtc\Debug\Obj: [1]
    functions.o             1'048
    temp rh eeprom rtc.o    2'716    1'044
    uartstdio.o               594       56        4
    -----------------------------------------------
    Total:                  4'358    1'100        4

dl7M_tln.a: [2]
    exit.o                      4
    low_level_init.o            4
    -----------------------------------------------
    Total:                      8

driverlib.a: [3]
    gpio.o                    628
    i2c.o                     128
    sysctl.o                  492
    uart.o                    172
    -----------------------------------------------
    Total:                  1'420

m7M_tls.a: [4]
    fpinit_M.o                 34
    -----------------------------------------------
    Total:                     34

rt7M_tl.a: [5]
    cexit.o                    10
    cmain.o                    30
    cstartup_M.o               12
    data_init.o                40
    vector_table_M.o           66
    zero_init3.o               58
    -----------------------------------------------
    Total:                    216

shb_l.a: [6]
    exit.o                     20
    -----------------------------------------------
    Total:                     20

    Gaps                        4        4
    Linker created                      16    4'096
---------------------------------------------------
    Grand Total:            6'060    1'120    4'100


*******************************************************************************
*** ENTRY LIST
***

Entry                       Address   Size  Type      Object
-----                       -------   ----  ----      ------
.iar.init_table$$Base        0x1958          --   Gb  - Linker created -
.iar.init_table$$Limit       0x1968          --   Gb  - Linker created -
?main                        0x19ed         Code  Gb  cmain.o [5]
BCD2Dec                       0xc47   0x18  Code  Gb  functions.o [1]
CSTACK$$Base            0x2000'0008          --   Gb  - Linker created -
CSTACK$$Limit           0x2000'1008          --   Gb  - Linker created -
ConfigI2C3                    0xb35   0x76  Code  Gb  functions.o [1]
ConfigLedRGB                  0xbab   0x12  Code  Gb  functions.o [1]
ConfigUART0                   0xadd   0x58  Code  Gb  functions.o [1]
Dec2BCD                       0xc27   0x20  Code  Gb  functions.o [1]
EraseValuesExternalEEPROM
                              0x599   0x90  Code  Gb  temp rh eeprom rtc.o [1]
GPIODirModeSet               0x1419   0x28  Code  Gb  gpio.o [3]
GPIOPadConfigSet             0x1441   0xfe  Code  Gb  gpio.o [3]
GPIOPinConfigure             0x15bf   0x38  Code  Gb  gpio.o [3]
GPIOPinTypeGPIOInput         0x1543   0x14  Code  Gb  gpio.o [3]
GPIOPinTypeGPIOOutput        0x1557    0xa  Code  Gb  gpio.o [3]
GPIOPinTypeI2C               0x1573   0x14  Code  Gb  gpio.o [3]
GPIOPinTypeI2CSCL            0x1587   0x14  Code  Gb  gpio.o [3]
GPIOPinTypeUART              0x15a3   0x14  Code  Gb  gpio.o [3]
GetHTU                        0xd57   0x90  Code  Gb  functions.o [1]
GetRTC                        0xd01   0x56  Code  Gb  functions.o [1]
I2CMasterBusy                0x16e3    0xc  Code  Gb  i2c.o [3]
I2CMasterControl             0x16ef    0x4  Code  Gb  i2c.o [3]
I2CMasterDataGet             0x16f7    0x4  Code  Gb  i2c.o [3]
I2CMasterDataPut             0x16f3    0x4  Code  Gb  i2c.o [3]
I2CMasterEnable              0x16cf    0xc  Code  Gb  i2c.o [3]
I2CMasterInitExpClk          0x168d   0x42  Code  Gb  i2c.o [3]
I2CMasterSlaveAddrSet        0x16db    0x8  Code  Gb  i2c.o [3]
MonitorRealTime                0x41  0x334  Code  Gb  temp rh eeprom rtc.o [1]
ReadExternalEEPROM            0xe51   0x70  Code  Gb  functions.o [1]
Region$$Table$$Base          0x1958          --   Gb  - Linker created -
Region$$Table$$Limit         0x1968          --   Gb  - Linker created -
SetDateAndTime                0x62d  0x368  Code  Gb  temp rh eeprom rtc.o [1]
SetRTC                        0xc5f   0xa2  Code  Gb  functions.o [1]
Start                         0x995   0x98  Code  Gb  temp rh eeprom rtc.o [1]
SysCtlClockGet               0x126b  0x110  Code  Gb  sysctl.o [3]
SysCtlPeripheralEnable       0x124f    0x8  Code  Gb  sysctl.o [3]
SysCtlPeripheralPresent
                             0x122d    0xa  Code  Gb  sysctl.o [3]
UARTCharGet                  0x1219    0xa  Code  Gb  uart.o [3]
UARTCharPut                  0x1223    0xa  Code  Gb  uart.o [3]
UARTCharsAvail               0x1209    0x6  Code  Gb  uart.o [3]
UARTConfigSetExpClk          0x1181   0x4c  Code  Gb  uart.o [3]
UARTDecGet                    0xbbd   0x6a  Code  Gb  functions.o [1]
UARTDisable                  0x11e7   0x1e  Code  Gb  uart.o [3]
UARTEnable                   0x11cd   0x1a  Code  Gb  uart.o [3]
UARTStdioConfig               0xef5   0x48  Code  Gb  uartstdio.o [1]
UARTprintf                   0x1139    0xe  Code  Gb  uartstdio.o [1]
UARTvprintf                   0xf6b  0x1b6  Code  Gb  uartstdio.o [1]
UARTwrite                     0xf3d   0x2e  Code  Gb  uartstdio.o [1]
ValuesExternalEEPROM          0x375  0x224  Code  Gb  temp rh eeprom rtc.o [1]
WriteExternalEEPROM           0xde7   0x6a  Code  Gb  functions.o [1]
__cmain                      0x19ed         Code  Gb  cmain.o [5]
__exit                       0x1a21   0x14  Code  Gb  exit.o [6]
__iar_data_init3             0x18c5   0x28  Code  Gb  data_init.o [5]
__iar_init_vfp               0x1935         Code  Gb  fpinit_M.o [4]
__iar_program_start          0x1bed         Code  Gb  cstartup_M.o [5]
__iar_zero_init3             0x1147   0x3a  Code  Gb  zero_init3.o [5]
__low_level_init             0x1a0b    0x4  Code  Gb  low_level_init.o [2]
__vector_table                  0x0         Data  Gb  vector_table_M.o [5]
_call_main                   0x19f9         Code  Gb  cmain.o [5]
_exit                        0x1a15         Code  Gb  cexit.o [5]
_main                        0x1a07         Code  Gb  cmain.o [5]
exit                         0x1a0f    0x4  Code  Gb  exit.o [2]
g_pcHex                      0x1c08    0x4  Data  Lc  uartstdio.o [1]
g_pui32GPIOBaseAddrs         0x15fc   0x90  Data  Lc  gpio.o [3]
g_pui32Xtals                 0x13ac   0x6c  Data  Lc  sysctl.o [3]
g_ui32Base              0x2000'0000    0x4  Data  Lc  uartstdio.o [1]
g_ui32UARTBase               0x1bd4    0xc  Data  Lc  uartstdio.o [1]
g_ui32UARTPeriph             0x1be0    0xc  Data  Lc  uartstdio.o [1]
main                          0xac9   0x14  Code  Gb  temp rh eeprom rtc.o [1]


[1] = E:\ArquivosProjetos\ARM\Projetos de Aulas e Outros\PROJETOS PRO GITHUB\temp+rh - external eeprom - rtc\Debug\Obj
[2] = dl7M_tln.a
[3] = driverlib.a
[4] = m7M_tls.a
[5] = rt7M_tl.a
[6] = shb_l.a

  6'060 bytes of readonly  code memory
  1'120 bytes of readonly  data memory
  4'100 bytes of readwrite data memory

Errors: none
Warnings: 1
