###############################################################################
#
# IAR ELF Linker V8.50.1.245/W32 for ARM                  24/Feb/2021  16:09:36
# Copyright 2007-2020 IAR Systems AB.
#
#    Output file  =
#        E:\ArquivosProjetos\ARM\Projetos de Aulas e Outros\PROJETOS PRO
#        GITHUB\max6675 thermocouple to spi converter\Debug\Exe\thermocouple
#        spi converter.out
#    Map file     =
#        E:\ArquivosProjetos\ARM\Projetos de Aulas e Outros\PROJETOS PRO
#        GITHUB\max6675 thermocouple to spi converter\Debug\List\thermocouple
#        spi converter.map
#    Command line =
#        -f C:\Users\vinic\AppData\Local\Temp\EWF2FF.tmp
#        ("E:\ArquivosProjetos\ARM\Projetos de Aulas e
#        Outros\bibliotecas\driverlib\ewarm\Exe\driverlib.a"
#        "E:\ArquivosProjetos\ARM\Projetos de Aulas e Outros\PROJETOS PRO
#        GITHUB\max6675 thermocouple to spi converter\Debug\Obj\functions.o"
#        "E:\ArquivosProjetos\ARM\Projetos de Aulas e Outros\PROJETOS PRO
#        GITHUB\max6675 thermocouple to spi converter\Debug\Obj\thermocouple
#        spi converter.o" "E:\ArquivosProjetos\ARM\Projetos de Aulas e
#        Outros\PROJETOS PRO GITHUB\max6675 thermocouple to spi
#        converter\Debug\Obj\uartstdio.o" --no_out_extension -o
#        "E:\ArquivosProjetos\ARM\Projetos de Aulas e Outros\PROJETOS PRO
#        GITHUB\max6675 thermocouple to spi converter\Debug\Exe\thermocouple
#        spi converter.out" --map "E:\ArquivosProjetos\ARM\Projetos de Aulas e
#        Outros\PROJETOS PRO GITHUB\max6675 thermocouple to spi
#        converter\Debug\List\thermocouple spi converter.map" --config
#        "C:\Program Files (x86)\IAR Systems\Embedded Workbench
#        8.4\arm\config\linker\TexasInstruments\TM4C123GH6.icf" --semihosting
#        --entry __iar_program_start --vfe --text_out locale)
#
###############################################################################

*******************************************************************************
*** MESSAGES
***

Warning[Lt009]: Inconsistent wchar_t size
            gpio.o(driverlib.a) and 5 other objects in driverlib.a have wchar_t
                      size 16 bits
            functions.o and 20 other objects, some of them in rt7M_tl.a and 9
                      other libraries have wchar_t size 32 bits


*******************************************************************************
*** RUNTIME MODEL ATTRIBUTES
***

CppFlavor       = *
__SystemLibrary = DLib
__dlib_version  = 6


*******************************************************************************
*** HEAP SELECTION
***

The basic heap was selected because some modules are built with
size limitations (and not runtime checking), and --advanced_heap
was not specified.


*******************************************************************************
*** PLACEMENT SUMMARY
***

"A0":  place at address 0x0 { ro section .intvec };
"P1":  place in [from 0x0 to 0x3'ffff] { ro };
define block CSTACK with size = 4K, alignment = 8 { };
define block HEAP with size = 8K, alignment = 8 { };
"P2":  place in [from 0x2000'0000 to 0x2000'7fff] {
          rw, block CSTACK, block HEAP };

  Section          Kind         Address    Size  Object
  -------          ----         -------    ----  ------
"A0":                                      0x40
  .intvec          ro code          0x0    0x40  vector_table_M.o [5]
                                 - 0x40    0x40

"P1":                                    0x2434
  .text            ro code         0x40   0xda6  xprintflarge_nomb.o [2]
  .text            ro code        0xde6    0x3a  zero_init3.o [5]
  .text            ro code        0xe20    0x16  strchr.o [5]
  .text            ro code        0xe36     0xa  xsprout.o [2]
  .text            ro code        0xe40    0x40  xfail_s.o [2]
  .text            ro code        0xe80    0x36  strlen.o [5]
  .text            ro code        0xeb6     0x2  vector_table_M.o [5]
  .text            ro code        0xeb8    0x58  memchr.o [5]
  .text            ro code        0xf10    0x76  ABImemcpy_unaligned.o [5]
  .text            ro code        0xf88    0x70  frexp.o [4]
  .text            ro code        0xff8   0x246  DblDiv.o [4]
  .text            ro code       0x1240    0x28  DblToU32.o [4]
  .text            ro code       0x1268    0x1a  U32ToDbl.o [4]
  .text            ro code       0x1284    0xe2  DblSub.o [4]
  .text            ro code       0x1368   0x1a2  DblMul.o [4]
  .text            ro code       0x150c   0x230  I64DivMod.o [5]
  .text            ro code       0x173c     0x6  abort.o [2]
  .text            ro code       0x1744   0x16a  DblAdd.o [4]
  .text            ro code       0x18b0     0x2  I64DivZer.o [5]
  .text            ro code       0x18b4    0x14  exit.o [6]
  .text            ro code       0x18c8   0x252  uartstdio.o [1]
  .text            ro code       0x1b1c   0x1f4  sysctl.o [3]
  .text            ro code       0x1d10    0x92  uart.o [3]
  .text            ro code       0x1da4   0x228  gpio.o [3]
  .text            ro code       0x1fcc    0xd0  thermocouple spi converter.o [1]
  .text            ro code       0x209c    0x64  ssi.o [3]
  .text            ro code       0x2100    0xbc  functions.o [1]
  .text            ro code       0x21bc    0x68  DblToFlt.o [4]
  .text            ro code       0x2224    0x48  FltToDbl.o [4]
  .text            ro code       0x226c    0x40  sprintf.o [2]
  .text            ro code       0x22ac    0x14  memset.o [5]
  .text            ro code       0x22c0    0x66  ABImemset.o [5]
  .rodata          const         0x2328    0x28  thermocouple spi converter.o [1]
  .rodata          const         0x2350    0x28  thermocouple spi converter.o [1]
  .text            ro code       0x2378    0x28  data_init.o [5]
  .text            ro code       0x23a0    0x22  fpinit_M.o [4]
  .iar.init_table  const         0x23c4    0x10  - Linker created -
  .text            ro code       0x23d4    0x1e  cmain.o [5]
  .text            ro code       0x23f2     0x4  low_level_init.o [2]
  .text            ro code       0x23f6     0x4  exit.o [2]
  .text            ro code       0x23fc     0xa  cexit.o [5]
  .rodata          const         0x2408    0x14  thermocouple spi converter.o [1]
  .rodata          const         0x241c    0x14  uartstdio.o [1]
  .rodata          const         0x2430     0xc  thermocouple spi converter.o [1]
  .rodata          const         0x243c     0xc  uartstdio.o [1]
  .rodata          const         0x2448     0xc  uartstdio.o [1]
  .text            ro code       0x2454     0xc  cstartup_M.o [5]
  .rodata          const         0x2460     0x8  thermocouple spi converter.o [1]
  .rodata          const         0x2468     0x8  uartstdio.o [1]
  .rodata          const         0x2470     0x4  uartstdio.o [1]
  .rodata          const         0x2474     0x0  zero_init3.o [5]
                               - 0x2474  0x2434

"P2", part 1 of 2:                          0xc
  .bss             zero     0x2000'0000     0x4  thermocouple spi converter.o [1]
  .bss             zero     0x2000'0004     0x4  uartstdio.o [1]
  .bss             zero     0x2000'0008     0x4  xfail_s.o [2]
                          - 0x2000'000c     0xc

"P2", part 2 of 2:                       0x1000
  CSTACK                    0x2000'0010  0x1000  <Block>
    CSTACK         uninit   0x2000'0010  0x1000  <Block tail>
                          - 0x2000'1010  0x1000

Unused ranges:

         From           To      Size
         ----           --      ----
       0x2474     0x3'ffff  0x3'db8c
  0x2000'000c  0x2000'000f       0x4
  0x2000'1010  0x2000'7fff    0x6ff0


*******************************************************************************
*** INIT TABLE
***

          Address      Size
          -------      ----
Zero (__iar_zero_init3)
    1 destination range, total size 0xc:
          0x2000'0000   0xc



*******************************************************************************
*** MODULE SUMMARY
***

    Module                        ro code  ro data  rw data
    ------                        -------  -------  -------
command line/config:
    -------------------------------------------------------
    Total:

E:\ArquivosProjetos\ARM\Projetos de Aulas e Outros\PROJETOS PRO GITHUB\max6675 thermocouple to spi converter\Debug\Obj: [1]
    functions.o                       188
    thermocouple spi converter.o      208      120        4
    uartstdio.o                       594       56        4
    -------------------------------------------------------
    Total:                            990      176        8

dl7M_tln.a: [2]
    abort.o                             6
    exit.o                              4
    low_level_init.o                    4
    sprintf.o                          64
    xfail_s.o                          64                 4
    xprintflarge_nomb.o             3'494
    xsprout.o                          10
    -------------------------------------------------------
    Total:                          3'646                 4

driverlib.a: [3]
    gpio.o                            552
    ssi.o                             100
    sysctl.o                          500
    uart.o                            146
    -------------------------------------------------------
    Total:                          1'298

m7M_tls.a: [4]
    DblAdd.o                          362
    DblDiv.o                          582
    DblMul.o                          418
    DblSub.o                          226
    DblToFlt.o                        104
    DblToU32.o                         40
    FltToDbl.o                         72
    U32ToDbl.o                         26
    fpinit_M.o                         34
    frexp.o                           112
    -------------------------------------------------------
    Total:                          1'976

rt7M_tl.a: [5]
    ABImemcpy_unaligned.o             118
    ABImemset.o                       102
    I64DivMod.o                       560
    I64DivZer.o                         2
    cexit.o                            10
    cmain.o                            30
    cstartup_M.o                       12
    data_init.o                        40
    memchr.o                           88
    memset.o                           20
    strchr.o                           22
    strlen.o                           54
    vector_table_M.o                   66
    zero_init3.o                       58
    -------------------------------------------------------
    Total:                          1'182

shb_l.a: [6]
    exit.o                             20
    -------------------------------------------------------
    Total:                             20

    Gaps                               22        6
    Linker created                              16    4'096
-----------------------------------------------------------
    Grand Total:                    9'134      198    4'108


*******************************************************************************
*** ENTRY LIST
***

Entry                       Address   Size  Type      Object
-----                       -------   ----  ----      ------
.iar.init_table$$Base        0x23c4          --   Gb  - Linker created -
.iar.init_table$$Limit       0x23d4          --   Gb  - Linker created -
?main                        0x23d5         Code  Gb  cmain.o [5]
CSTACK$$Base            0x2000'0010          --   Gb  - Linker created -
CSTACK$$Limit           0x2000'1010          --   Gb  - Linker created -
ConfigSSI0                   0x2153   0x52  Code  Gb  functions.o [1]
ConfigUART0                  0x2101   0x52  Code  Gb  functions.o [1]
GPIODirModeSet               0x1da5   0x28  Code  Gb  gpio.o [3]
GPIOPadConfigSet             0x1dcd   0xfe  Code  Gb  gpio.o [3]
GPIOPinConfigure             0x1eff   0x38  Code  Gb  gpio.o [3]
GPIOPinTypeSSI               0x1ed7   0x14  Code  Gb  gpio.o [3]
GPIOPinTypeUART              0x1eeb   0x14  Code  Gb  gpio.o [3]
Region$$Table$$Base          0x23c4          --   Gb  - Linker created -
Region$$Table$$Limit         0x23d4          --   Gb  - Linker created -
SSI0Read                     0x1fcd   0x20  Code  Gb  thermocouple spi converter.o [1]
SSIBusy                      0x20f7    0xa  Code  Gb  ssi.o [3]
SSIConfigSetExpClk           0x209d   0x38  Code  Gb  ssi.o [3]
SSIDataGet                   0x20eb    0xc  Code  Gb  ssi.o [3]
SSIDataPut                   0x20e1    0xa  Code  Gb  ssi.o [3]
SSIEnable                    0x20d5    0xc  Code  Gb  ssi.o [3]
SysCtlClockGet               0x1b65  0x110  Code  Gb  sysctl.o [3]
SysCtlDelay                  0x1b5d    0x8  Code  Gb  sysctl.o [3]
SysCtlPeripheralEnable       0x1b3f    0x8  Code  Gb  sysctl.o [3]
SysCtlPeripheralPresent
                             0x1b1d    0xa  Code  Gb  sysctl.o [3]
UARTCharPut                  0x1d99    0xa  Code  Gb  uart.o [3]
UARTConfigSetExpClk          0x1d11   0x4c  Code  Gb  uart.o [3]
UARTDisable                  0x1d77   0x1e  Code  Gb  uart.o [3]
UARTEnable                   0x1d5d   0x1a  Code  Gb  uart.o [3]
UARTStdioConfig              0x18c9   0x48  Code  Gb  uartstdio.o [1]
UARTprintf                   0x1b0d    0xe  Code  Gb  uartstdio.o [1]
UARTvprintf                  0x193f  0x1b6  Code  Gb  uartstdio.o [1]
UARTwrite                    0x1911   0x2e  Code  Gb  uartstdio.o [1]
_LitobLargeNoMb               0xbbd  0x10a  Code  Lc  xprintflarge_nomb.o [2]
_PrintfLargeNoMb               0x41  0xb76  Code  Gb  xprintflarge_nomb.o [2]
_PutcharLargeNoMb             0xd2d   0x20  Code  Lc  xprintflarge_nomb.o [2]
_PutcharsLargeNoMb            0xd4d   0x2e  Code  Lc  xprintflarge_nomb.o [2]
_SProut                       0xe37    0xa  Code  Gb  xsprout.o [2]
__aeabi_d2f                  0x21bd         Code  Gb  DblToFlt.o [4]
__aeabi_d2uiz                0x1241         Code  Gb  DblToU32.o [4]
__aeabi_ddiv                  0xff9         Code  Gb  DblDiv.o [4]
__aeabi_dmul                 0x1369         Code  Gb  DblMul.o [4]
__aeabi_dsub                 0x1285         Code  Gb  DblSub.o [4]
__aeabi_f2d                  0x2225         Code  Gb  FltToDbl.o [4]
__aeabi_ldiv0                0x18b1         Code  Gb  I64DivZer.o [5]
__aeabi_memset               0x22c1         Code  Gb  ABImemset.o [5]
__aeabi_ui2d                 0x1269         Code  Gb  U32ToDbl.o [4]
__aeabi_uldivmod             0x150d         Code  Gb  I64DivMod.o [5]
__cmain                      0x23d5         Code  Gb  cmain.o [5]
__exit                       0x18b5   0x14  Code  Gb  exit.o [6]
__iar_Fail_s                  0xe41   0x1c  Code  Gb  xfail_s.o [2]
__iar_Memchr                  0xeb9         Code  Gb  memchr.o [5]
__iar_Memset                 0x22c1         Code  Gb  ABImemset.o [5]
__iar_Memset_word            0x22c9         Code  Gb  ABImemset.o [5]
__iar_Strchr                  0xe21         Code  Gb  strchr.o [5]
__iar_dadd                   0x1295         Code  Gb  DblSub.o [4]
__iar_data_init3             0x2379   0x28  Code  Gb  data_init.o [5]
__iar_dsub                   0x1745         Code  Gb  DblAdd.o [4]
__iar_dsubStart              0x1757         Code  Gb  DblAdd.o [4]
__iar_frexp                   0xf95         Code  Gb  frexp.o [4]
__iar_frexpl                  0xf95         Code  Gb  frexp.o [4]
__iar_init_vfp               0x23a1         Code  Gb  fpinit_M.o [4]
__iar_program_start          0x2455         Code  Gb  cstartup_M.o [5]
__iar_softfp___iar_frexp64
                              0xf89         Code  Gb  frexp.o [4]
__iar_softfp_frexp            0xf89         Code  Gb  frexp.o [4]
__iar_softfp_frexpl           0xf89         Code  Gb  frexp.o [4]
__iar_unaligned_memcpy        0xf11         Code  Gb  ABImemcpy_unaligned.o [5]
__iar_unaligned_memcpy4
                              0xf31         Code  Gb  ABImemcpy_unaligned.o [5]
__iar_unaligned_memcpy8
                              0xf31         Code  Gb  ABImemcpy_unaligned.o [5]
__iar_zero_init3              0xde7   0x3a  Code  Gb  zero_init3.o [5]
__low_level_init             0x23f3    0x4  Code  Gb  low_level_init.o [2]
__vector_table                  0x0         Data  Gb  vector_table_M.o [5]
_call_main                   0x23e1         Code  Gb  cmain.o [5]
_exit                        0x23fd         Code  Gb  cexit.o [5]
_main                        0x23ef         Code  Gb  cmain.o [5]
abort                        0x173d    0x6  Code  Gb  abort.o [2]
exit                         0x23f7    0x4  Code  Gb  exit.o [2]
g_pcHex                      0x2470    0x4  Data  Lc  uartstdio.o [1]
g_pui32GPIOBaseAddrs         0x1f3c   0x90  Data  Lc  gpio.o [3]
g_pui32Xtals                 0x1ca4   0x6c  Data  Lc  sysctl.o [3]
g_ui32Base              0x2000'0004    0x4  Data  Lc  uartstdio.o [1]
g_ui32UARTBase               0x243c    0xc  Data  Lc  uartstdio.o [1]
g_ui32UARTPeriph             0x2448    0xc  Data  Lc  uartstdio.o [1]
main                         0x1fed   0x86  Code  Gb  thermocouple spi converter.o [1]
memchr                        0xeb9         Code  Gb  memchr.o [5]
memset                       0x22ad   0x14  Code  Gb  memset.o [5]
received                0x2000'0000    0x4  Data  Gb  thermocouple spi converter.o [1]
scale                         0xcc7   0x46  Code  Lc  xprintflarge_nomb.o [2]
sec_hand                0x2000'0008    0x4  Data  Lc  xfail_s.o [2]
sprintf                      0x226d   0x40  Code  Gb  sprintf.o [2]
strchr                        0xe21         Code  Gb  strchr.o [5]
strlen                        0xe81         Code  Gb  strlen.o [5]


[1] = E:\ArquivosProjetos\ARM\Projetos de Aulas e Outros\PROJETOS PRO GITHUB\max6675 thermocouple to spi converter\Debug\Obj
[2] = dl7M_tln.a
[3] = driverlib.a
[4] = m7M_tls.a
[5] = rt7M_tl.a
[6] = shb_l.a

  9'134 bytes of readonly  code memory
    198 bytes of readonly  data memory
  4'108 bytes of readwrite data memory

Errors: none
Warnings: 1
